// Jest Snapshot v1, https://goo.gl/fbAQLP

exports[`function-call function-call.js: frames 1`] = `
  1 | foo(
  2 |   bar(
> 3 |     baz()
    |    ^^^^^
  4 |   )
  5 | );
  6 | 
`;

exports[`function-call function-call.js: raw 1`] = `

    baz()

`;
